// Jest Snapshot v1, https://goo.gl/fbAQLP

exports[`using implicit children should render correctly 1`] = `
<button
  id="button"
  onClick={[Function]}
/>
`;

exports[`using the children prop should render correctly 1`] = `
<button
  id="button"
  onClick={[Function]}
/>
`;

exports[`using the render prop should render correctly 1`] = `
<button
  id="button"
  onClick={[Function]}
/>
`;
